// Jest Snapshot v1, https://goo.gl/fbAQLP

exports[`News snapshot test 1`] = `
<div
  className="sc-bxivhb jucAju"
>
  <div
    className="sc-htoDjs jZuqdH"
  >
    <div
      className="sc-htpNat jtWIOA sc-bdVaJa iHZvIS"
      is={null}
    >
      <div
        className="sc-bdVaJa hZXWJA"
        is={null}
      >
        <a
          alt="Dicty News at Twitter"
          className="sc-bZQynM guiyJe"
          href="https://twitter.com/dictybase"
          target="new"
        >
          <img
            className="sc-chPdSV bsCNOM"
            src="twitterLogo.png"
          />
        </a>
      </div>
      <div
        className="sc-bdVaJa iFPAFX"
        is={null}
      >
        <span
          aria-hidden={true}
          className="fa fa-globe fa-lg"
        />
        <span
          className="sc-kAzzGY dfXKJP"
        >
          DICTY NEWS
        </span>
      </div>
    </div>
  </div>
  <ul
    className="sc-iwsKbI ZIKrF"
  >
    <li
      className="sc-gqjmRU bimEIq"
    >
      <span
        className="sc-jTzLTM iFsAid"
      >
        2015.08.19
      </span>
      <span
        className="sc-jzJRlG gcDScp"
      >
        <span
          className="sc-kGXeez lcKMhk"
          dangerouslySetInnerHTML={
            Object {
              "__html": "<strong>Why axenic strains grow by fluid uptake</strong>: We have added the <a href='http://dictybase.org/gene/DDB_G0350652' target='new'> axeB gene </a> to Chromosome 3 at the locus which is largely deleted in axenic strains and thus responsible for their ability to grow axenically. Only an axeB 3' fragment could be generated on the AX4 genome assembly. The full length gene in non-axenic strains such as DdB codes for the conserved neurofibromin 1, a RasGAP, which has been shown to be involved in macropinocytosis and phagocytosis. For more information, see <a href='http://dictybase.org/publication/pubmed/25815683' target='new'>Bloomfield et al</a>.",
            }
          }
        />
      </span>
      <span
        className="sc-fjdhpX iwGYHP"
      >
        <span
          className="sc-cSHVUG gUqckI"
        >
          Source:
        </span>
        Dicty Stock Center
      </span>
    </li>
    <li
      className="sc-gqjmRU bimEIq"
    >
      <span
        className="sc-jTzLTM iFsAid"
      >
        2015.08.12
      </span>
      <span
        className="sc-jzJRlG gcDScp"
      >
        <span
          className="sc-kGXeez lcKMhk"
          dangerouslySetInnerHTML={
            Object {
              "__html": "Dicty in the News: The National Geographics series a <a href='http://phenomena.nationalgeographic.com/2015/08/24/the-bacteria-that-turn-amoebas-into-farmers/?sf12476278=1' target='new'>Not Exactly Rocket Science</a> has published a nice piece about the latest results reporting how Burkholderia turns Dicty amooeba into farmers, <a href='http://www.pnas.org/content/early/2015/08/18/1511878112' target='new'>published</a> by Suzanne di Salvo and colleagues from the Strassmann/Queller lab.",
            }
          }
        />
      </span>
      <span
        className="sc-fjdhpX iwGYHP"
      >
        <span
          className="sc-cSHVUG gUqckI"
        >
          Source:
        </span>
        National Geographics
      </span>
    </li>
    <li
      className="sc-gqjmRU bimEIq"
    >
      <span
        className="sc-jTzLTM iFsAid"
      >
        2015.08.07
      </span>
      <span
        className="sc-jzJRlG gcDScp"
      >
        <span
          className="sc-kGXeez lcKMhk"
          dangerouslySetInnerHTML={
            Object {
              "__html": "Starting for DSC orders placed after Monday August 10, 2015 (12:00 AM CDT), Dicty stocks will incur charges. Please see the complete price and payment information on the Order page",
            }
          }
        />
      </span>
      <span
        className="sc-fjdhpX iwGYHP"
      >
        <span
          className="sc-cSHVUG gUqckI"
        >
          Source:
        </span>
        Dicty Stock Center
      </span>
    </li>
    <li
      className="sc-gqjmRU bimEIq"
    >
      <span
        className="sc-jTzLTM iFsAid"
      >
        2015.08.06
      </span>
      <span
        className="sc-jzJRlG gcDScp"
      >
        <span
          className="sc-kGXeez lcKMhk"
          dangerouslySetInnerHTML={
            Object {
              "__html": "The bug in the DSC ordering system as reported on July 31, has been fixed",
            }
          }
        />
      </span>
      <span
        className="sc-fjdhpX iwGYHP"
      >
        <span
          className="sc-cSHVUG gUqckI"
        >
          Source:
        </span>
        Dicty Stock Center
      </span>
    </li>
    <li
      className="sc-gqjmRU bimEIq"
    >
      <span
        className="sc-jTzLTM iFsAid"
      >
        2015.07.20
      </span>
      <span
        className="sc-jzJRlG gcDScp"
      >
        <span
          className="sc-kGXeez lcKMhk"
          dangerouslySetInnerHTML={
            Object {
              "__html": "Alert Dicty Stock Center: We currently have problems receiving email notifications of Stock Center orders. If you have ordered in recent months and have not received your order within a week to 10 days, please email Kerry Sheppard and forward your order. If you currently place an order, please also forward your automatic confirmation to Kerry. We are working on the problem and will let you know when fixed. Thank you for your patience and help.",
            }
          }
        />
      </span>
      <span
        className="sc-fjdhpX iwGYHP"
      >
        <span
          className="sc-cSHVUG gUqckI"
        >
          Source:
        </span>
        Dicty Stock Center
      </span>
    </li>
    <li
      className="sc-gqjmRU bimEIq"
    >
      <span
        className="sc-jTzLTM iFsAid"
      >
        2015.07.23
      </span>
      <span
        className="sc-jzJRlG gcDScp"
      >
        <span
          className="sc-kGXeez lcKMhk"
          dangerouslySetInnerHTML={
            Object {
              "__html": "Dicty in the News: The recent discovery of the protein Callipygian in Dictyostelium discoideum provides insights into how round, symmetrical cells become polarized: News Medical with comments from Kristen Swaney and Peter Devreotes.",
            }
          }
        />
      </span>
      <span
        className="sc-fjdhpX iwGYHP"
      >
        <span
          className="sc-cSHVUG gUqckI"
        >
          Source:
        </span>
        dictyBase
      </span>
    </li>
    <li
      className="sc-gqjmRU bimEIq"
    >
      <span
        className="sc-jTzLTM iFsAid"
      >
        2015.06.12
      </span>
      <span
        className="sc-jzJRlG gcDScp"
      >
        <span
          className="sc-kGXeez lcKMhk"
          dangerouslySetInnerHTML={
            Object {
              "__html": "Dicty in the News: Press releases from three recent research publications highlight the use of Dictyostelium: electrotaxis in Futurity by Zhao and Devreotes; kin recognition in Yahoo News by Ho and Shaulsky; cheating in EurekAlert by Ostrowski, Strassmann and Queller.",
            }
          }
        />
      </span>
      <span
        className="sc-fjdhpX iwGYHP"
      >
        <span
          className="sc-cSHVUG gUqckI"
        >
          Source:
        </span>
        dictyBase
      </span>
    </li>
    <li
      className="sc-gqjmRU bimEIq"
    >
      <span
        className="sc-jTzLTM iFsAid"
      >
        2015.05.13
      </span>
      <span
        className="sc-jzJRlG gcDScp"
      >
        <span
          className="sc-kGXeez lcKMhk"
          dangerouslySetInnerHTML={
            Object {
              "__html": "Bill Loomis has written a memoir called My Life with Dicty and makes it available on dictyBase.",
            }
          }
        />
      </span>
      <span
        className="sc-fjdhpX iwGYHP"
      >
        <span
          className="sc-cSHVUG gUqckI"
        >
          Source:
        </span>
        dictyBase
      </span>
    </li>
    <li
      className="sc-gqjmRU bimEIq"
    >
      <span
        className="sc-jTzLTM iFsAid"
      >
        2015.03.11
      </span>
      <span
        className="sc-jzJRlG gcDScp"
      >
        <span
          className="sc-kGXeez lcKMhk"
          dangerouslySetInnerHTML={
            Object {
              "__html": "Dicty 2015. Registration is now open for the Annual International Dictyostelium Conference.",
            }
          }
        />
      </span>
      <span
        className="sc-fjdhpX iwGYHP"
      >
        <span
          className="sc-cSHVUG gUqckI"
        >
          Source:
        </span>
        dicty15
      </span>
    </li>
    <li
      className="sc-gqjmRU bimEIq"
    >
      <span
        className="sc-jTzLTM iFsAid"
      >
        2015.03.02
      </span>
      <span
        className="sc-jzJRlG gcDScp"
      >
        <span
          className="sc-kGXeez lcKMhk"
          dangerouslySetInnerHTML={
            Object {
              "__html": "Dicty in the News: A recent paper by Falk Hilmann and Thomas Winckler is discussed in DocCheck News in Germany.",
            }
          }
        />
      </span>
      <span
        className="sc-fjdhpX iwGYHP"
      >
        <span
          className="sc-cSHVUG gUqckI"
        >
          Source:
        </span>
        dictyBase
      </span>
    </li>
    <li
      className="sc-gqjmRU bimEIq"
    >
      <span
        className="sc-jTzLTM iFsAid"
      >
        2014.11.19
      </span>
      <span
        className="sc-jzJRlG gcDScp"
      >
        <span
          className="sc-kGXeez lcKMhk"
          dangerouslySetInnerHTML={
            Object {
              "__html": "The Dicty Stock Center will be closed for Thanksgiving in the week of November 24th - 28th. Please be advised that orders placed from now until November 30 will be shipped in early December. Please do not submit any materials during that week. Thank you for your understanding.",
            }
          }
        />
      </span>
      <span
        className="sc-fjdhpX iwGYHP"
      >
        <span
          className="sc-cSHVUG gUqckI"
        >
          Source:
        </span>
        dictyBase
      </span>
    </li>
    <li
      className="sc-gqjmRU bimEIq"
    >
      <span
        className="sc-jTzLTM iFsAid"
      >
        2014.11.06
      </span>
      <span
        className="sc-jzJRlG gcDScp"
      >
        <span
          className="sc-kGXeez lcKMhk"
          dangerouslySetInnerHTML={
            Object {
              "__html": "Dicty in the News: Dictyostelium research details how a cell's gradient sensing and cytoskeletal architecture dictate one mode of chemotactic movement: The Scientist with comments from Chuan-Hsiang Huang",
            }
          }
        />
      </span>
      <span
        className="sc-fjdhpX iwGYHP"
      >
        <span
          className="sc-cSHVUG gUqckI"
        >
          Source:
        </span>
        Petra Fey
      </span>
    </li>
    <li
      className="sc-gqjmRU bimEIq"
    >
      <span
        className="sc-jTzLTM iFsAid"
      >
        2014.10.17
      </span>
      <span
        className="sc-jzJRlG gcDScp"
      >
        <span
          className="sc-kGXeez lcKMhk"
          dangerouslySetInnerHTML={
            Object {
              "__html": "Dicty in the News: Research on the Dictyostelium lpten gene potentially leads to a new way to treat cancer: Drug Discovery and Development with comments from David Soll",
            }
          }
        />
      </span>
      <span
        className="sc-fjdhpX iwGYHP"
      >
        <span
          className="sc-cSHVUG gUqckI"
        >
          Source:
        </span>
        DictyBase
      </span>
    </li>
  </ul>
  <div
    className="sc-VigVT cGFCFH"
  >
    <span
      aria-hidden={true}
      className="fa fa-plus"
    />
    <a
      alt="more news"
      className="sc-bZQynM guiyJe"
      href=""
    >
       
      more news
       
    </a>
  </div>
</div>
`;
