// Jest Snapshot v1, https://goo.gl/fbAQLP

exports[`matching a snapshot of PageNotReady 1`] = `
.c0 {
  padding-top: 30px;
  padding-bottom: 30px;
  margin-bottom: 30px;
  color: inherit;
  background-color: #eee;
  text-align: center;
}

.c0 h1 {
  color: inherit;
}

.c0 p {
  margin-bottom: 15px;
  font-size: 21px;
  font-weight: 200;
}

.c2.c2 {
  width: 100%;
  background-color: #15317e;
}

.c1 {
  color: #428bca;
  -webkit-text-decoration: none;
  text-decoration: none;
}

<div
  className="sc-htpNat iZBBQa sc-bdVaJa iHZvIS"
  is={null}
  style={
    Object {
      "marginTop": "33px",
    }
  }
>
  <div
    className="ilqAEZ"
    is={null}
  >
    <div
      className="c0"
    >
      <img
        alt="Sad Dicty -- 404 Page Not Found"
        src="sad-dicty.png"
      />
      <h1>
        <span
          aria-hidden={true}
          className="fa fa-wrench"
        />
         Under Construction
      </h1>
      <p>
        This page is not ready yet.
      </p>
      <p>
        We are constantly adding content to our new website so check back soon!
      </p>
      <div
        className="sc-htpNat iZBBQa sc-bdVaJa iHZvIS"
        is={null}
      >
        <div
          className="eyMZla"
          is={null}
        >
          <a
            className="c1"
            href="/"
            onClick={[Function]}
          >
            <button
              className="MuiButtonBase-root-27 MuiButton-root-1 MuiButton-contained-12 MuiButton-containedPrimary-13 MuiButton-raised-15 MuiButton-raisedPrimary-16 MuiButton-sizeSmall-24 c2"
              disabled={false}
              onBlur={[Function]}
              onFocus={[Function]}
              onKeyDown={[Function]}
              onKeyUp={[Function]}
              onMouseDown={[Function]}
              onMouseLeave={[Function]}
              onMouseUp={[Function]}
              onTouchEnd={[Function]}
              onTouchMove={[Function]}
              onTouchStart={[Function]}
              tabIndex="0"
              type="button"
            >
              <span
                className="MuiButton-label-2"
              >
                dictyBase Home
              </span>
              <span
                className="MuiTouchRipple-root-30"
              />
            </button>
          </a>
        </div>
      </div>
    </div>
  </div>
</div>
`;
